2026-04-13T18:35:04.112+04:00  INFO 17152 --- [asset-service] [main] c.selflearning.AssetServiceApplication   : Starting AssetServiceApplication using Java 17.0.1 with PID 17152 (E:\MyStuff\Softwares\Tech\Java\asset-management\asset-management\asset-service\target\classes started by lenovo in E:\MyStuff\Softwares\Tech\Java\asset-management\asset-management)
2026-04-13T18:35:04.124+04:00  INFO 17152 --- [asset-service] [main] c.selflearning.AssetServiceApplication   : No active profile set, falling back to 1 default profile: "default"
2026-04-13T18:35:06.653+04:00  INFO 17152 --- [asset-service] [main] .s.d.r.c.RepositoryConfigurationDelegate : Bootstrapping Spring Data JPA repositories in DEFAULT mode.
2026-04-13T18:35:07.171+04:00  INFO 17152 --- [asset-service] [main] .s.d.r.c.RepositoryConfigurationDelegate : Finished Spring Data repository scanning in 479 ms. Found 1 JPA repository interface.
2026-04-13T18:35:10.118+04:00  INFO 17152 --- [asset-service] [main] o.s.b.w.embedded.tomcat.TomcatWebServer  : Tomcat initialized with port 8082 (http)
2026-04-13T18:35:10.170+04:00  INFO 17152 --- [asset-service] [main] o.apache.catalina.core.StandardService   : Starting service [Tomcat]
2026-04-13T18:35:10.171+04:00  INFO 17152 --- [asset-service] [main] o.apache.catalina.core.StandardEngine    : Starting Servlet engine: [Apache Tomcat/10.1.20]
2026-04-13T18:35:10.493+04:00  INFO 17152 --- [asset-service] [main] o.a.c.c.C.[Tomcat].[localhost].[/]       : Initializing Spring embedded WebApplicationContext
2026-04-13T18:35:10.494+04:00  INFO 17152 --- [asset-service] [main] w.s.c.ServletWebServerApplicationContext : Root WebApplicationContext: initialization completed in 6181 ms
2026-04-13T18:35:11.929+04:00  INFO 17152 --- [asset-service] [main] o.hibernate.jpa.internal.util.LogHelper  : HHH000204: Processing PersistenceUnitInfo [name: default]
2026-04-13T18:35:12.373+04:00  INFO 17152 --- [asset-service] [main] org.hibernate.Version                    : HHH000412: Hibernate ORM core version 6.4.4.Final
2026-04-13T18:35:12.706+04:00  INFO 17152 --- [asset-service] [main] o.h.c.internal.RegionFactoryInitiator    : HHH000026: Second-level cache disabled
2026-04-13T18:35:13.930+04:00  INFO 17152 --- [asset-service] [main] o.s.o.j.p.SpringPersistenceUnitInfo      : No LoadTimeWeaver setup: ignoring JPA class transformer
2026-04-13T18:35:14.054+04:00  INFO 17152 --- [asset-service] [main] com.zaxxer.hikari.HikariDataSource       : HikariPool-1 - Starting...
2026-04-13T18:35:14.848+04:00  INFO 17152 --- [asset-service] [main] com.zaxxer.hikari.pool.HikariPool        : HikariPool-1 - Added connection org.postgresql.jdbc.PgConnection@2987d0fa
2026-04-13T18:35:14.855+04:00  INFO 17152 --- [asset-service] [main] com.zaxxer.hikari.HikariDataSource       : HikariPool-1 - Start completed.
2026-04-13T18:35:15.005+04:00  WARN 17152 --- [asset-service] [main] org.hibernate.orm.deprecation            : HHH90000025: PostgreSQLDialect does not need to be specified explicitly using 'hibernate.dialect' (remove the property setting and it will be selected by default)
2026-04-13T18:35:18.369+04:00  INFO 17152 --- [asset-service] [main] o.h.e.t.j.p.i.JtaPlatformInitiator       : HHH000489: No JTA platform available (set 'hibernate.transaction.jta.platform' to enable JTA platform integration)
2026-04-13T18:35:18.623+04:00  INFO 17152 --- [asset-service] [main] j.LocalContainerEntityManagerFactoryBean : Initialized JPA EntityManagerFactory for persistence unit 'default'
2026-04-13T18:35:20.584+04:00  WARN 17152 --- [asset-service] [main] JpaBaseConfiguration$JpaWebConfiguration : spring.jpa.open-in-view is enabled by default. Therefore, database queries may be performed during view rendering. Explicitly configure spring.jpa.open-in-view to disable this warning
2026-04-13T18:35:21.789+04:00  INFO 17152 --- [asset-service] [main] o.s.b.w.embedded.tomcat.TomcatWebServer  : Tomcat started on port 8082 (http) with context path ''
2026-04-13T18:35:21.837+04:00  INFO 17152 --- [asset-service] [main] c.selflearning.AssetServiceApplication   : Started AssetServiceApplication in 19.879 seconds (process running for 23.242)
2026-04-13T18:35:21.847+04:00  INFO 17152 --- [asset-service] [main] c.selflearning.AssetServiceApplication   : Asset Service Application started!
2026-04-13T18:42:14.158+04:00  INFO 17152 --- [asset-service] [SpringApplicationShutdownHook] j.LocalContainerEntityManagerFactoryBean : Closing JPA EntityManagerFactory for persistence unit 'default'
2026-04-13T18:42:14.163+04:00  INFO 17152 --- [asset-service] [SpringApplicationShutdownHook] com.zaxxer.hikari.HikariDataSource       : HikariPool-1 - Shutdown initiated...
2026-04-13T18:42:14.249+04:00  INFO 17152 --- [asset-service] [SpringApplicationShutdownHook] com.zaxxer.hikari.HikariDataSource       : HikariPool-1 - Shutdown completed.
